Zadanie 1

(venv) stanislaw@user-komputer1:~/PythonPro-Course/homework/lesson10/task1$ git init
hint: Using 'master' as the name for the initial branch. This default branch name
hint: is subject to change. To configure the initial branch name to use in all
hint: of your new repositories, which will suppress this warning, call:
hint:
hint:   git config --global init.defaultBranch <name>
hint:
hint: Names commonly chosen instead of 'master' are 'main', 'trunk' and
hint: 'development'. The just-created branch can be renamed via this command:
hint:
hint:   git branch -m <name>
Initialized empty Git repository in /home/stanislaw/PythonPro-Course/homework/lesson10/task1/.git/
(venv) stanislaw@user-komputer1:~/PythonPro-Course/homework/lesson10/task1$ touch README.md
(venv) stanislaw@user-komputer1:~/PythonPro-Course/homework/lesson10/task1$ code .
(venv) stanislaw@user-komputer1:~/PythonPro-Course/homework/lesson10/task1$ ls
README.md
(venv) stanislaw@user-komputer1:~/PythonPro-Course/homework/lesson10/task1$ git add README.md
(venv) stanislaw@user-komputer1:~/PythonPro-Course/homework/lesson10/task1$ git status
On branch master

No commits yet

Changes to be committed:
  (use "git rm --cached <file>..." to unstage)
        new file:   README.md

(venv) stanislaw@user-komputer1:~/PythonPro-Course/homework/lesson10/task1$ git commit -m "Pierwszy commit"
[master (root-commit) 3857bbb] Pierwszy commit
 1 file changed, 1 insertion(+)
 create mode 100644 README.md
(venv) stanislaw@user-komputer1:~/PythonPro-Course/homework/lesson10/task1$ git status
On branch master
nothing to commit, working tree clean
(venv) stanislaw@user-komputer1:~/PythonPro-Course/homework/lesson10/task1$ git log
commit 3857bbb1777d97a1e69431203f74e6cab9062922 (HEAD -> master)
Author: Stanisław Flak <stazus@interia.pl>
Date:   Thu May 14 20:38:56 2026 +0200

    Pierwszy commit
(venv) stanislaw@user-komputer1:~/PythonPro-Course/homework/lesson10/task1$ git status
On branch master
nothing to commit, working tree clean
(venv) stanislaw@user-komputer1:~/PythonPro-Course/homework/lesson10/task1$ cd ..
(venv) stanislaw@user-komputer1:~/PythonPro-Course/homework/lesson10$ ls
task1  tasks_lesson10.txt

Zadanie 2

stanislaw@user-komputer1:~/PythonPro-Course/homework/lesson10$ ls
task1  tasks_lesson10.txt
stanislaw@user-komputer1:~/PythonPro-Course/homework/lesson10$ tree
.
├── task1
│   └── README.md
└── tasks_lesson10.txt

2 directories, 2 files
stanislaw@user-komputer1:~/PythonPro-Course/homework/lesson10$ git status
On branch main
Your branch is up to date with 'origin/main'.

nothing to commit, working tree clean
stanislaw@user-komputer1:~/PythonPro-Course/homework/lesson10$ mkdir task2
stanislaw@user-komputer1:~/PythonPro-Course/homework/lesson10$ ls
task1  task2  tasks_lesson10.txt
stanislaw@user-komputer1:~/PythonPro-Course/homework/lesson10$ cd task2
stanislaw@user-komputer1:~/PythonPro-Course/homework/lesson10/task2$ ls
stanislaw@user-komputer1:~/PythonPro-Course/homework/lesson10/task2$ git status
On branch main
Your branch is up to date with 'origin/main'.

nothing to commit, working tree clean
stanislaw@user-komputer1:~/PythonPro-Course/homework/lesson10/task2$ git branch
* main
stanislaw@user-komputer1:~/PythonPro-Course/homework/lesson10/task2$ git branch feature-login
stanislaw@user-komputer1:~/PythonPro-Course/homework/lesson10/task2$ git branch
  feature-login
* main
stanislaw@user-komputer1:~/PythonPro-Course/homework/lesson10/task2$ git checkout feature-login
Switched to branch 'feature-login'
stanislaw@user-komputer1:~/PythonPro-Course/homework/lesson10/task2$ git branch
* feature-login
  main
stanislaw@user-komputer1:~/PythonPro-Course/homework/lesson10/task2$ touch login.py
stanislaw@user-komputer1:~/PythonPro-Course/homework/lesson10/task2$ ls
login.py
stanislaw@user-komputer1:~/PythonPro-Course/homework/lesson10/task2$ nano login.py
stanislaw@user-komputer1:~/PythonPro-Course/homework/lesson10/task2$ git add login.py
stanislaw@user-komputer1:~/PythonPro-Course/homework/lesson10/task2$ git status
On branch feature-login
Changes to be committed:
  (use "git restore --staged <file>..." to unstage)
        new file:   login.py

stanislaw@user-komputer1:~/PythonPro-Course/homework/lesson10/task2$ git commit -m "Dodano plik login.py"
[feature-login 8fe4999] Dodano plik login.py
 1 file changed, 1 insertion(+)
 create mode 100644 homework/lesson10/task2/login.py
stanislaw@user-komputer1:~/PythonPro-Course/homework/lesson10/task2$ git status
On branch feature-login
nothing to commit, working tree clean
stanislaw@user-komputer1:~/PythonPro-Course/homework/lesson10/task2$ git branch
* feature-login
  main
stanislaw@user-komputer1:~/PythonPro-Course/homework/lesson10/task2$ git checkout main
Switched to branch 'main'
Your branch is up to date with 'origin/main'.
stanislaw@user-komputer1:~/PythonPro-Course/homework/lesson10/task2$ git branch
  feature-login
* main
stanislaw@user-komputer1:~/PythonPro-Course/homework/lesson10/task2$ ls
stanislaw@user-komputer1:~/PythonPro-Course/homework/lesson10/task2$ git checkout feature-login
Switched to branch 'feature-login'
stanislaw@user-komputer1:~/PythonPro-Course/homework/lesson10/task2$ ls
login.py
stanislaw@user-komputer1:~/PythonPro-Course/homework/lesson10/task2$ git checkout main
Switched to branch 'main'
Your branch is up to date with 'origin/main'.
stanislaw@user-komputer1:~/PythonPro-Course/homework/lesson10/task2$ ls
stanislaw@user-komputer1:~/PythonPro-Course/homework/lesson10/task2$ git merge feature-login
Updating 9e2471d..8fe4999
Fast-forward
 homework/lesson10/task2/login.py | 1 +
 1 file changed, 1 insertion(+)
 create mode 100644 homework/lesson10/task2/login.py
stanislaw@user-komputer1:~/PythonPro-Course/homework/lesson10/task2$ git branch
  feature-login
* main
stanislaw@user-komputer1:~/PythonPro-Course/homework/lesson10/task2$ ls
login.py
stanislaw@user-komputer1:~/PythonPro-Course/homework/lesson10/task2$ git log
commit 8fe4999912613c3917f9e47894f36c7cb71bc937 (HEAD -> main, feature-login)
Author: Stanisław Flak <stazus@interia.pl>
Date:   Fri May 15 21:44:47 2026 +0200

    Dodano plik login.py

commit 9e2471d4408937321ad3387af2cb1ddd71c4dd04 (origin/main)
Author: Stanisław Flak <stazus@interia.pl>
Date:   Thu May 14 20:56:56 2026 +0200

    Add lessons10/task1

commit f98077aa4d9ce20e6473777aced6156949d7072b
Author: Stanisław Flak <stazus@interia.pl>
Date:   Thu May 14 20:17:30 2026 +0200

    Add task10_mini-projekt_lista_zadan.py

commit 55ad602b9727b4324289bb7690902b44aaa24156
Author: Stanisław Flak <stazus@interia.pl>
Date:   Wed May 13 22:47:53 2026 +0200

    Add task9__prosty_arkusz_kalkulacyjny.py

:
commit 8fe4999912613c3917f9e47894f36c7cb71bc937 (HEAD -> main, feature-login)
Author: Stanisław Flak <stazus@interia.pl>
Date:   Fri May 15 21:44:47 2026 +0200

    Dodano plik login.py

commit 9e2471d4408937321ad3387af2cb1ddd71c4dd04 (origin/main)
Author: Stanisław Flak <stazus@interia.pl>
Date:   Thu May 14 20:56:56 2026 +0200

    Add lessons10/task1

commit f98077aa4d9ce20e6473777aced6156949d7072b
Author: Stanisław Flak <stazus@interia.pl>
Date:   Thu May 14 20:17:30 2026 +0200

    Add task10_mini-projekt_lista_zadan.py

commit 55ad602b9727b4324289bb7690902b44aaa24156
Author: Stanisław Flak <stazus@interia.pl>
Date:   Wed May 13 22:47:53 2026 +0200

    Add task9__prosty_arkusz_kalkulacyjny.py

:
commit 8fe4999912613c3917f9e47894f36c7cb71bc937 (HEAD -> main, feature-login)
Author: Stanisław Flak <stazus@interia.pl>
Date:   Fri May 15 21:44:47 2026 +0200

    Dodano plik login.py

commit 9e2471d4408937321ad3387af2cb1ddd71c4dd04 (origin/main)
Author: Stanisław Flak <stazus@interia.pl>
Date:   Thu May 14 20:56:56 2026 +0200

    Add lessons10/task1

commit f98077aa4d9ce20e6473777aced6156949d7072b
Author: Stanisław Flak <stazus@interia.pl>
Date:   Thu May 14 20:17:30 2026 +0200

    Add task10_mini-projekt_lista_zadan.py

commit 55ad602b9727b4324289bb7690902b44aaa24156
Author: Stanisław Flak <stazus@interia.pl>
Date:   Wed May 13 22:47:53 2026 +0200

    Add task9__prosty_arkusz_kalkulacyjny.py


stanislaw@user-komputer1:~/PythonPro-Course/homework/lesson10/task2$ ls
login.py
stanislaw@user-komputer1:~/PythonPro-Course/homework/lesson10/task2$ git branch
  feature-login
* main
stanislaw@user-komputer1:~/PythonPro-Course/homework/lesson10/task2$ git status
On branch main
Your branch is ahead of 'origin/main' by 1 commit.
  (use "git push" to publish your local commits)

nothing to commit, working tree clean
stanislaw@user-komputer1:~/PythonPro-Course/homework/lesson10/task2$

stanislaw@user-komputer1:~/PythonPro-Course/homework/lesson10/task2$ tree
.
└── login.py

1 directory, 1 file
stanislaw@user-komputer1:~/PythonPro-Course/homework/lesson10/task2$ cd ..
stanislaw@user-komputer1:~/PythonPro-Course/homework/lesson10$ tree
.
├── task1
│   └── README.md
├── task2
│   └── login.py
└── tasks_lesson10.txt

3 directories, 3 files
stanislaw@user-komputer1:~/PythonPro-Course/homework/lesson10$

Zadanie 3

stanislaw@user-komputer1:~$ cd task3-git-branches
stanislaw@user-komputer1:~/task3-git-branches$ ls
stanislaw@user-komputer1:~/task3-git-branches$ touch contributores.txt
stanislaw@user-komputer1:~/task3-git-branches$ ls
contributores.txt
stanislaw@user-komputer1:~/task3-git-branches$ mv contributores.txt contributors.txt
stanislaw@user-komputer1:~/task3-git-branches$ ls
contributors.txt
stanislaw@user-komputer1:~/task3-git-branches$ nano contributors.txt
stanislaw@user-komputer1:~/task3-git-branches$ cat contributors.txt
Stanisław Flak
stanislaw@user-komputer1:~/task3-git-branches$ ls
contributors.txt
stanislaw@user-komputer1:~/task3-git-branches$ git status
On branch main

No commits yet

Untracked files:
  (use "git add <file>..." to include in what will be committed)
        contributors.txt

nothing added to commit but untracked files present (use "git add" to track)
stanislaw@user-komputer1:~/task3-git-branches$ git branch
stanislaw@user-komputer1:~/task3-git-branches$ git checkout -b add-contributor
Switched to a new branch 'add-contributor'
stanislaw@user-komputer1:~/task3-git-branches$ git branch
stanislaw@user-komputer1:~/task3-git-branches$ git add contributors.txt
stanislaw@user-komputer1:~/task3-git-branches$ git commit -m "Add contributors file"
[add-contributor (root-commit) ff06f5e] Add contributors file
 1 file changed, 1 insertion(+)
 create mode 100644 contributors.txt
stanislaw@user-komputer1:~/task3-git-branches$ git branch
* add-contributor
stanislaw@user-komputer1:~/task3-git-branches$ git push -u origin add-contributor
Username for 'https://github.com': Stazus
Password for 'https://Stazus@github.com':
stanislaw@user-komputer1:~/task3-git-branches$ git remote -v
origin  https://github.com/Stazus/task3-git-branches.git (fetch)
origin  https://github.com/Stazus/task3-git-branches.git (push)
stanislaw@user-komputer1:~/task3-git-branches$ git remote set-url origin git@github.com:Stazus/task3-git-branches.git
stanislaw@user-komputer1:~/task3-git-branches$ git remote -v
origin  git@github.com:Stazus/task3-git-branches.git (fetch)
origin  git@github.com:Stazus/task3-git-branches.git (push)
stanislaw@user-komputer1:~/task3-git-branches$ git push -u origin add-contributor
Enumerating objects: 3, done.
Counting objects: 100% (3/3), done.
Writing objects: 100% (3/3), 252 bytes | 252.00 KiB/s, done.
Total 3 (delta 0), reused 0 (delta 0), pack-reused 0
To github.com:Stazus/task3-git-branches.git
 * [new branch]      add-contributor -> add-contributor
branch 'add-contributor' set up to track 'origin/add-contributor'.
stanislaw@user-komputer1:~/task3-git-branches$ git checkout -b main
Switched to a new branch 'main'
Your branch is based on 'origin/main', but the upstream is gone.
  (use "git branch --unset-upstream" to fixup)
stanislaw@user-komputer1:~/task3-git-branches$ git branch
  add-contributor
* main
stanislaw@user-komputer1:~/task3-git-branches$ git push -u origin main
Total 0 (delta 0), reused 0 (delta 0), pack-reused 0
remote:
remote: Create a pull request for 'main' on GitHub by visiting:
remote:      https://github.com/Stazus/task3-git-branches/pull/new/main
remote:
To github.com:Stazus/task3-git-branches.git
 * [new branch]      main -> main
branch 'main' set up to track 'origin/main'.
stanislaw@user-komputer1:~/task3-git-branches$ git checkout add-contributor
Switched to branch 'add-contributor'
Your branch is up to date with 'origin/add-contributor'.
stanislaw@user-komputer1:~/task3-git-branches$ git branch
* add-contributor
  main
stanislaw@user-komputer1:~/task3-git-branches$ git branch
* add-contributor
  main
stanislaw@user-komputer1:~/task3-git-branches$ nano contributors.txt
stanislaw@user-komputer1:~/task3-git-branches$ cat contributors.txt
Stanisław Flak
Git task completed
stanislaw@user-komputer1:~/task3-git-branches$ git add contributors.txt
stanislaw@user-komputer1:~/task3-git-branches$ git commit -m "Update contributors file"
[add-contributor de37e7c] Update contributors file
 1 file changed, 1 insertion(+)
stanislaw@user-komputer1:~/task3-git-branches$ git push
Enumerating objects: 5, done.
Counting objects: 100% (5/5), done.
Writing objects: 100% (3/3), 306 bytes | 76.00 KiB/s, done.
Total 3 (delta 0), reused 0 (delta 0), pack-reused 0
To github.com:Stazus/task3-git-branches.git
   ff06f5e..de37e7c  add-contributor -> add-contributor
stanislaw@user-komputer1:~/task3-git-branches$ gh --version
Command 'gh' not found, but can be installed with:
sudo snap install gh  # version 2.86.0-112-gc30647b78, or
sudo apt  install gh  # version 2.45.0-1ubuntu0.3
See 'snap info gh' for additional versions.
stanislaw@user-komputer1:~/task3-git-branches$ sudo apt install gh
[sudo] password for stanislaw:
Reading package lists... Done
Building dependency tree... Done
Reading state information... Done
The following NEW packages will be installed:
  gh
0 upgraded, 1 newly installed, 0 to remove and 68 not upgraded.
Need to get 8836 kB of archives.
After this operation, 45.4 MB of additional disk space will be used.
Get:1 http://archive.ubuntu.com/ubuntu noble-updates/universe amd64 gh amd64 2.45.0-1ubuntu0.3 [8836 kB]
Fetched 8836 kB in 1s (15.7 MB/s)
Selecting previously unselected package gh.
(Reading database ... 51004 files and directories currently installed.)
Preparing to unpack .../gh_2.45.0-1ubuntu0.3_amd64.deb ...
Unpacking gh (2.45.0-1ubuntu0.3) ...
Setting up gh (2.45.0-1ubuntu0.3) ...
Processing triggers for man-db (2.12.0-4build2) ...
stanislaw@user-komputer1:~/task3-git-branches$ gh auth login
? What account do you want to log into? GitHub.com
? What is your preferred protocol for Git operations on this host? SSH
? Upload your SSH public key to your GitHub account? /home/stanislaw/.ssh/id_ed25519.pub
? Title for your SSH key: GitHub CLI
? How would you like to authenticate GitHub CLI? Login with a web browser

! First copy your one-time code: 760B-8214
Press Enter to open github.com in your browser...
! Failed opening a web browser at https://github.com/login/device
  exec: "xdg-open,x-www-browser,www-browser,wslview": executable file not found in $PATH
  Please try entering the URL in your browser manually
✓ Authentication complete.
- gh config set -h github.com git_protocol ssh
✓ Configured git protocol
! Authentication credentials saved in plain text
✓ SSH key already existed on your GitHub account: /home/stanislaw/.ssh/id_ed25519.pub
✓ Logged in as Stazus
stanislaw@user-komputer1:~/task3-git-branches$ gh pr list

Showing 1 of 1 open pull request in Stazus/task3-git-branches

ID  TITLE                     BRANCH           CREATED AT
#1  Update contributors file  add-contributor  about 9 minutes ago
stanislaw@user-komputer1:~/task3-git-branches$

Zadanie 4


