Zadanie 1

(venv) stanislaw@user-komputer1:~/PythonPro-Course/homework/lesson10/task1$ git init
hint: Using 'master' as the name for the initial branch. This default branch name
hint: is subject to change. To configure the initial branch name to use in all
hint: of your new repositories, which will suppress this warning, call:
hint:
hint:   git config --global init.defaultBranch <name>
hint:
hint: Names commonly chosen instead of 'master' are 'main', 'trunk' and
hint: 'development'. The just-created branch can be renamed via this command:
hint:
hint:   git branch -m <name>
Initialized empty Git repository in /home/stanislaw/PythonPro-Course/homework/lesson10/task1/.git/
(venv) stanislaw@user-komputer1:~/PythonPro-Course/homework/lesson10/task1$ touch README.md
(venv) stanislaw@user-komputer1:~/PythonPro-Course/homework/lesson10/task1$ code .
(venv) stanislaw@user-komputer1:~/PythonPro-Course/homework/lesson10/task1$ ls
README.md
(venv) stanislaw@user-komputer1:~/PythonPro-Course/homework/lesson10/task1$ git add README.md
(venv) stanislaw@user-komputer1:~/PythonPro-Course/homework/lesson10/task1$ git status
On branch master

No commits yet

Changes to be committed:
  (use "git rm --cached <file>..." to unstage)
        new file:   README.md

(venv) stanislaw@user-komputer1:~/PythonPro-Course/homework/lesson10/task1$ git commit -m "Pierwszy commit"
[master (root-commit) 3857bbb] Pierwszy commit
 1 file changed, 1 insertion(+)
 create mode 100644 README.md
(venv) stanislaw@user-komputer1:~/PythonPro-Course/homework/lesson10/task1$ git status
On branch master
nothing to commit, working tree clean
(venv) stanislaw@user-komputer1:~/PythonPro-Course/homework/lesson10/task1$ git log
commit 3857bbb1777d97a1e69431203f74e6cab9062922 (HEAD -> master)
Author: Stanisław Flak <stazus@interia.pl>
Date:   Thu May 14 20:38:56 2026 +0200

    Pierwszy commit
(venv) stanislaw@user-komputer1:~/PythonPro-Course/homework/lesson10/task1$ git status
On branch master
nothing to commit, working tree clean
(venv) stanislaw@user-komputer1:~/PythonPro-Course/homework/lesson10/task1$ cd ..
(venv) stanislaw@user-komputer1:~/PythonPro-Course/homework/lesson10$ ls
task1  tasks_lesson10.txt

Zadanie 2

stanislaw@user-komputer1:~/PythonPro-Course/homework/lesson10$ ls
task1  tasks_lesson10.txt
stanislaw@user-komputer1:~/PythonPro-Course/homework/lesson10$ tree
.
├── task1
│   └── README.md
└── tasks_lesson10.txt

2 directories, 2 files
stanislaw@user-komputer1:~/PythonPro-Course/homework/lesson10$ git status
On branch main
Your branch is up to date with 'origin/main'.

nothing to commit, working tree clean
stanislaw@user-komputer1:~/PythonPro-Course/homework/lesson10$ mkdir task2
stanislaw@user-komputer1:~/PythonPro-Course/homework/lesson10$ ls
task1  task2  tasks_lesson10.txt
stanislaw@user-komputer1:~/PythonPro-Course/homework/lesson10$ cd task2
stanislaw@user-komputer1:~/PythonPro-Course/homework/lesson10/task2$ ls
stanislaw@user-komputer1:~/PythonPro-Course/homework/lesson10/task2$ git status
On branch main
Your branch is up to date with 'origin/main'.

nothing to commit, working tree clean
stanislaw@user-komputer1:~/PythonPro-Course/homework/lesson10/task2$ git branch
* main
stanislaw@user-komputer1:~/PythonPro-Course/homework/lesson10/task2$ git branch feature-login
stanislaw@user-komputer1:~/PythonPro-Course/homework/lesson10/task2$ git branch
  feature-login
* main
stanislaw@user-komputer1:~/PythonPro-Course/homework/lesson10/task2$ git checkout feature-login
Switched to branch 'feature-login'
stanislaw@user-komputer1:~/PythonPro-Course/homework/lesson10/task2$ git branch
* feature-login
  main
stanislaw@user-komputer1:~/PythonPro-Course/homework/lesson10/task2$ touch login.py
stanislaw@user-komputer1:~/PythonPro-Course/homework/lesson10/task2$ ls
login.py
stanislaw@user-komputer1:~/PythonPro-Course/homework/lesson10/task2$ nano login.py
stanislaw@user-komputer1:~/PythonPro-Course/homework/lesson10/task2$ git add login.py
stanislaw@user-komputer1:~/PythonPro-Course/homework/lesson10/task2$ git status
On branch feature-login
Changes to be committed:
  (use "git restore --staged <file>..." to unstage)
        new file:   login.py

stanislaw@user-komputer1:~/PythonPro-Course/homework/lesson10/task2$ git commit -m "Dodano plik login.py"
[feature-login 8fe4999] Dodano plik login.py
 1 file changed, 1 insertion(+)
 create mode 100644 homework/lesson10/task2/login.py
stanislaw@user-komputer1:~/PythonPro-Course/homework/lesson10/task2$ git status
On branch feature-login
nothing to commit, working tree clean
stanislaw@user-komputer1:~/PythonPro-Course/homework/lesson10/task2$ git branch
* feature-login
  main
stanislaw@user-komputer1:~/PythonPro-Course/homework/lesson10/task2$ git checkout main
Switched to branch 'main'
Your branch is up to date with 'origin/main'.
stanislaw@user-komputer1:~/PythonPro-Course/homework/lesson10/task2$ git branch
  feature-login
* main
stanislaw@user-komputer1:~/PythonPro-Course/homework/lesson10/task2$ ls
stanislaw@user-komputer1:~/PythonPro-Course/homework/lesson10/task2$ git checkout feature-login
Switched to branch 'feature-login'
stanislaw@user-komputer1:~/PythonPro-Course/homework/lesson10/task2$ ls
login.py
stanislaw@user-komputer1:~/PythonPro-Course/homework/lesson10/task2$ git checkout main
Switched to branch 'main'
Your branch is up to date with 'origin/main'.
stanislaw@user-komputer1:~/PythonPro-Course/homework/lesson10/task2$ ls
stanislaw@user-komputer1:~/PythonPro-Course/homework/lesson10/task2$ git merge feature-login
Updating 9e2471d..8fe4999
Fast-forward
 homework/lesson10/task2/login.py | 1 +
 1 file changed, 1 insertion(+)
 create mode 100644 homework/lesson10/task2/login.py
stanislaw@user-komputer1:~/PythonPro-Course/homework/lesson10/task2$ git branch
  feature-login
* main
stanislaw@user-komputer1:~/PythonPro-Course/homework/lesson10/task2$ ls
login.py
stanislaw@user-komputer1:~/PythonPro-Course/homework/lesson10/task2$ git log
commit 8fe4999912613c3917f9e47894f36c7cb71bc937 (HEAD -> main, feature-login)
Author: Stanisław Flak <stazus@interia.pl>
Date:   Fri May 15 21:44:47 2026 +0200

    Dodano plik login.py

commit 9e2471d4408937321ad3387af2cb1ddd71c4dd04 (origin/main)
Author: Stanisław Flak <stazus@interia.pl>
Date:   Thu May 14 20:56:56 2026 +0200

    Add lessons10/task1

commit f98077aa4d9ce20e6473777aced6156949d7072b
Author: Stanisław Flak <stazus@interia.pl>
Date:   Thu May 14 20:17:30 2026 +0200

    Add task10_mini-projekt_lista_zadan.py

commit 55ad602b9727b4324289bb7690902b44aaa24156
Author: Stanisław Flak <stazus@interia.pl>
Date:   Wed May 13 22:47:53 2026 +0200

    Add task9__prosty_arkusz_kalkulacyjny.py

:
commit 8fe4999912613c3917f9e47894f36c7cb71bc937 (HEAD -> main, feature-login)
Author: Stanisław Flak <stazus@interia.pl>
Date:   Fri May 15 21:44:47 2026 +0200

    Dodano plik login.py

commit 9e2471d4408937321ad3387af2cb1ddd71c4dd04 (origin/main)
Author: Stanisław Flak <stazus@interia.pl>
Date:   Thu May 14 20:56:56 2026 +0200

    Add lessons10/task1

commit f98077aa4d9ce20e6473777aced6156949d7072b
Author: Stanisław Flak <stazus@interia.pl>
Date:   Thu May 14 20:17:30 2026 +0200

    Add task10_mini-projekt_lista_zadan.py

commit 55ad602b9727b4324289bb7690902b44aaa24156
Author: Stanisław Flak <stazus@interia.pl>
Date:   Wed May 13 22:47:53 2026 +0200

    Add task9__prosty_arkusz_kalkulacyjny.py

:
commit 8fe4999912613c3917f9e47894f36c7cb71bc937 (HEAD -> main, feature-login)
Author: Stanisław Flak <stazus@interia.pl>
Date:   Fri May 15 21:44:47 2026 +0200

    Dodano plik login.py

commit 9e2471d4408937321ad3387af2cb1ddd71c4dd04 (origin/main)
Author: Stanisław Flak <stazus@interia.pl>
Date:   Thu May 14 20:56:56 2026 +0200

    Add lessons10/task1

commit f98077aa4d9ce20e6473777aced6156949d7072b
Author: Stanisław Flak <stazus@interia.pl>
Date:   Thu May 14 20:17:30 2026 +0200

    Add task10_mini-projekt_lista_zadan.py

commit 55ad602b9727b4324289bb7690902b44aaa24156
Author: Stanisław Flak <stazus@interia.pl>
Date:   Wed May 13 22:47:53 2026 +0200

    Add task9__prosty_arkusz_kalkulacyjny.py


stanislaw@user-komputer1:~/PythonPro-Course/homework/lesson10/task2$ ls
login.py
stanislaw@user-komputer1:~/PythonPro-Course/homework/lesson10/task2$ git branch
  feature-login
* main
stanislaw@user-komputer1:~/PythonPro-Course/homework/lesson10/task2$ git status
On branch main
Your branch is ahead of 'origin/main' by 1 commit.
  (use "git push" to publish your local commits)

nothing to commit, working tree clean
stanislaw@user-komputer1:~/PythonPro-Course/homework/lesson10/task2$

stanislaw@user-komputer1:~/PythonPro-Course/homework/lesson10/task2$ tree
.
└── login.py

1 directory, 1 file
stanislaw@user-komputer1:~/PythonPro-Course/homework/lesson10/task2$ cd ..
stanislaw@user-komputer1:~/PythonPro-Course/homework/lesson10$ tree
.
├── task1
│   └── README.md
├── task2
│   └── login.py
└── tasks_lesson10.txt

3 directories, 3 files
stanislaw@user-komputer1:~/PythonPro-Course/homework/lesson10$

Zadanie 3

stanislaw@user-komputer1:~$ cd task3-git-branches
stanislaw@user-komputer1:~/task3-git-branches$ ls
stanislaw@user-komputer1:~/task3-git-branches$ touch contributores.txt
stanislaw@user-komputer1:~/task3-git-branches$ ls
contributores.txt
stanislaw@user-komputer1:~/task3-git-branches$ mv contributores.txt contributors.txt
stanislaw@user-komputer1:~/task3-git-branches$ ls
contributors.txt
stanislaw@user-komputer1:~/task3-git-branches$ nano contributors.txt
stanislaw@user-komputer1:~/task3-git-branches$ cat contributors.txt
Stanisław Flak
stanislaw@user-komputer1:~/task3-git-branches$ ls
contributors.txt
stanislaw@user-komputer1:~/task3-git-branches$ git status
On branch main

No commits yet

Untracked files:
  (use "git add <file>..." to include in what will be committed)
        contributors.txt

nothing added to commit but untracked files present (use "git add" to track)
stanislaw@user-komputer1:~/task3-git-branches$ git branch
stanislaw@user-komputer1:~/task3-git-branches$ git checkout -b add-contributor
Switched to a new branch 'add-contributor'
stanislaw@user-komputer1:~/task3-git-branches$ git branch
stanislaw@user-komputer1:~/task3-git-branches$ git add contributors.txt
stanislaw@user-komputer1:~/task3-git-branches$ git commit -m "Add contributors file"
[add-contributor (root-commit) ff06f5e] Add contributors file
 1 file changed, 1 insertion(+)
 create mode 100644 contributors.txt
stanislaw@user-komputer1:~/task3-git-branches$ git branch
* add-contributor
stanislaw@user-komputer1:~/task3-git-branches$ git push -u origin add-contributor
Username for 'https://github.com': Stazus
Password for 'https://Stazus@github.com':
stanislaw@user-komputer1:~/task3-git-branches$ git remote -v
origin  https://github.com/Stazus/task3-git-branches.git (fetch)
origin  https://github.com/Stazus/task3-git-branches.git (push)
stanislaw@user-komputer1:~/task3-git-branches$ git remote set-url origin git@github.com:Stazus/task3-git-branches.git
stanislaw@user-komputer1:~/task3-git-branches$ git remote -v
origin  git@github.com:Stazus/task3-git-branches.git (fetch)
origin  git@github.com:Stazus/task3-git-branches.git (push)
stanislaw@user-komputer1:~/task3-git-branches$ git push -u origin add-contributor
Enumerating objects: 3, done.
Counting objects: 100% (3/3), done.
Writing objects: 100% (3/3), 252 bytes | 252.00 KiB/s, done.
Total 3 (delta 0), reused 0 (delta 0), pack-reused 0
To github.com:Stazus/task3-git-branches.git
 * [new branch]      add-contributor -> add-contributor
branch 'add-contributor' set up to track 'origin/add-contributor'.
stanislaw@user-komputer1:~/task3-git-branches$ git checkout -b main
Switched to a new branch 'main'
Your branch is based on 'origin/main', but the upstream is gone.
  (use "git branch --unset-upstream" to fixup)
stanislaw@user-komputer1:~/task3-git-branches$ git branch
  add-contributor
* main
stanislaw@user-komputer1:~/task3-git-branches$ git push -u origin main
Total 0 (delta 0), reused 0 (delta 0), pack-reused 0
remote:
remote: Create a pull request for 'main' on GitHub by visiting:
remote:      https://github.com/Stazus/task3-git-branches/pull/new/main
remote:
To github.com:Stazus/task3-git-branches.git
 * [new branch]      main -> main
branch 'main' set up to track 'origin/main'.
stanislaw@user-komputer1:~/task3-git-branches$ git checkout add-contributor
Switched to branch 'add-contributor'
Your branch is up to date with 'origin/add-contributor'.
stanislaw@user-komputer1:~/task3-git-branches$ git branch
* add-contributor
  main
stanislaw@user-komputer1:~/task3-git-branches$ git branch
* add-contributor
  main
stanislaw@user-komputer1:~/task3-git-branches$ nano contributors.txt
stanislaw@user-komputer1:~/task3-git-branches$ cat contributors.txt
Stanisław Flak
Git task completed
stanislaw@user-komputer1:~/task3-git-branches$ git add contributors.txt
stanislaw@user-komputer1:~/task3-git-branches$ git commit -m "Update contributors file"
[add-contributor de37e7c] Update contributors file
 1 file changed, 1 insertion(+)
stanislaw@user-komputer1:~/task3-git-branches$ git push
Enumerating objects: 5, done.
Counting objects: 100% (5/5), done.
Writing objects: 100% (3/3), 306 bytes | 76.00 KiB/s, done.
Total 3 (delta 0), reused 0 (delta 0), pack-reused 0
To github.com:Stazus/task3-git-branches.git
   ff06f5e..de37e7c  add-contributor -> add-contributor
stanislaw@user-komputer1:~/task3-git-branches$ gh --version
Command 'gh' not found, but can be installed with:
sudo snap install gh  # version 2.86.0-112-gc30647b78, or
sudo apt  install gh  # version 2.45.0-1ubuntu0.3
See 'snap info gh' for additional versions.
stanislaw@user-komputer1:~/task3-git-branches$ sudo apt install gh
[sudo] password for stanislaw:
Reading package lists... Done
Building dependency tree... Done
Reading state information... Done
The following NEW packages will be installed:
  gh
0 upgraded, 1 newly installed, 0 to remove and 68 not upgraded.
Need to get 8836 kB of archives.
After this operation, 45.4 MB of additional disk space will be used.
Get:1 http://archive.ubuntu.com/ubuntu noble-updates/universe amd64 gh amd64 2.45.0-1ubuntu0.3 [8836 kB]
Fetched 8836 kB in 1s (15.7 MB/s)
Selecting previously unselected package gh.
(Reading database ... 51004 files and directories currently installed.)
Preparing to unpack .../gh_2.45.0-1ubuntu0.3_amd64.deb ...
Unpacking gh (2.45.0-1ubuntu0.3) ...
Setting up gh (2.45.0-1ubuntu0.3) ...
Processing triggers for man-db (2.12.0-4build2) ...
stanislaw@user-komputer1:~/task3-git-branches$ gh auth login
? What account do you want to log into? GitHub.com
? What is your preferred protocol for Git operations on this host? SSH
? Upload your SSH public key to your GitHub account? /home/stanislaw/.ssh/id_ed25519.pub
? Title for your SSH key: GitHub CLI
? How would you like to authenticate GitHub CLI? Login with a web browser

! First copy your one-time code: 760B-8214
Press Enter to open github.com in your browser...
! Failed opening a web browser at https://github.com/login/device
  exec: "xdg-open,x-www-browser,www-browser,wslview": executable file not found in $PATH
  Please try entering the URL in your browser manually
✓ Authentication complete.
- gh config set -h github.com git_protocol ssh
✓ Configured git protocol
! Authentication credentials saved in plain text
✓ SSH key already existed on your GitHub account: /home/stanislaw/.ssh/id_ed25519.pub
✓ Logged in as Stazus
stanislaw@user-komputer1:~/task3-git-branches$ gh pr list

Showing 1 of 1 open pull request in Stazus/task3-git-branches

ID  TITLE                     BRANCH           CREATED AT
#1  Update contributors file  add-contributor  about 9 minutes ago
stanislaw@user-komputer1:~/task3-git-branches$

Zadanie 4

stanislaw@user-komputer1:~$ cd team_project-basic
-bash: cd: team_project-basic: No such file or directory
stanislaw@user-komputer1:~$ cd team-project-basic
stanislaw@user-komputer1:~/team-project-basic$ git init
hint: Using 'master' as the name for the initial branch. This default branch name
hint: is subject to change. To configure the initial branch name to use in all
hint: of your new repositories, which will suppress this warning, call:
hint:
hint:   git config --global init.defaultBranch <name>
hint:
hint: Names commonly chosen instead of 'master' are 'main', 'trunk' and
hint: 'development'. The just-created branch can be renamed via this command:
hint:
hint:   git branch -m <name>
Initialized empty Git repository in /home/stanislaw/team-project-basic/.git/
stanislaw@user-komputer1:~/team-project-basic$ git config user.name "Stanisław Flak"
stanislaw@user-komputer1:~/team-project-basic$ git config user.email "stazus@interia.pl"
stanislaw@user-komputer1:~/team-project-basic$ git config user.name
Stanisław Flak
stanislaw@user-komputer1:~/team-project-basic$ git config user.email
stazus@interia.pl
stanislaw@user-komputer1:~/team-project-basic$ git status
On branch master

No commits yet

nothing to commit (create/copy files and use "git add" to track)
stanislaw@user-komputer1:~/team-project-basic$

Zadanie 5

stanislaw@user-komputer1:~$ cd team-project-basic
stanislaw@user-komputer1:~/team-project-basic$ ls
stanislaw@user-komputer1:~/team-project-basic$ touch app.py
stanislaw@user-komputer1:~/team-project-basic$ ls
app.py
stanislaw@user-komputer1:~/team-project-basic$ nano app.py
stanislaw@user-komputer1:~/team-project-basic$ python3 app.py
Hello World
stanislaw@user-komputer1:~/team-project-basic$ git add app.py
stanislaw@user-komputer1:~/team-project-basic$ git status
On branch master

No commits yet

Changes to be committed:
  (use "git rm --cached <file>..." to unstage)
        new file:   app.py

stanislaw@user-komputer1:~/team-project-basic$ git commit -m "feat: add hello world function"
[master (root-commit) 37734cf] feat: add hello world function
 1 file changed, 5 insertions(+)
 create mode 100644 app.py
stanislaw@user-komputer1:~/team-project-basic$ git status
On branch master
nothing to commit, working tree clean
stanislaw@user-komputer1:~/team-project-basic$ git log --oneline
37734cf (HEAD -> master) feat: add hello world function
stanislaw@user-komputer1:~/team-project-basic$ nano app.py
stanislaw@user-komputer1:~/team-project-basic$ cat app.py
def hello_world():
    print("Hello Git")


hello_world()
stanislaw@user-komputer1:~/team-project-basic$ python3 app.py
Hello Git
stanislaw@user-komputer1:~/team-project-basic$ git status
On branch master
Changes not staged for commit:
  (use "git add <file>..." to update what will be committed)
  (use "git restore <file>..." to discard changes in working directory)
        modified:   app.py

no changes added to commit (use "git add" and/or "git commit -a")
stanislaw@user-komputer1:~/team-project-basic$ git add app.py
stanislaw@user-komputer1:~/team-project-basic$ git status
On branch master
Changes to be committed:
  (use "git restore --staged <file>..." to unstage)
        modified:   app.py

stanislaw@user-komputer1:~/team-project-basic$ git commit -m "fix: update hello world message"
[master 59f1bf5] fix: update hello world message
 1 file changed, 1 insertion(+), 1 deletion(-)
stanislaw@user-komputer1:~/team-project-basic$ git status
On branch master
nothing to commit, working tree clean
stanislaw@user-komputer1:~/team-project-basic$ git log --oneline
59f1bf5 (HEAD -> master) fix: update hello world message
37734cf feat: add hello world function
stanislaw@user-komputer1:~/team-project-basic$

Zadanie 6

stanislaw@user-komputer1:~$ cd team-project-basic
stanislaw@user-komputer1:~/team-project-basic$ ls
app.py
stanislaw@user-komputer1:~/team-project-basic$ nano app.py
stanislaw@user-komputer1:~/team-project-basic$ git add app.py
stanislaw@user-komputer1:~/team-project-basic$ git status
On branch master
Changes to be committed:
  (use "git restore --staged <file>..." to unstage)
        modified:   app.py

stanislaw@user-komputer1:~/team-project-basic$ git reset HEAD app.py
Unstaged changes after reset:
M       app.py
stanislaw@user-komputer1:~/team-project-basic$ git status
On branch master
Changes not staged for commit:
  (use "git add <file>..." to update what will be committed)
  (use "git restore <file>..." to discard changes in working directory)
        modified:   app.py

no changes added to commit (use "git add" and/or "git commit -a")
stanislaw@user-komputer1:~/team-project-basic$ nano app.py
stanislaw@user-komputer1:~/team-project-basic$ git add app.py
stanislaw@user-komputer1:~/team-project-basic$ git status
On branch master
Changes to be committed:
  (use "git restore --staged <file>..." to unstage)
        modified:   app.py

stanislaw@user-komputer1:~/team-project-basic$ git commit -m "feat: extend app functionality"
[master 8cf643e] feat: extend app functionality
 1 file changed, 10 insertions(+)
stanislaw@user-komputer1:~/team-project-basic$ git log --oneline
8cf643e (HEAD -> master) feat: extend app functionality
59f1bf5 fix: update hello world message
37734cf feat: add hello world function
stanislaw@user-komputer1:~/team-project-basic$ git reset --hard 59f1bf5
HEAD is now at 59f1bf5 fix: update hello world message
stanislaw@user-komputer1:~/team-project-basic$ git log --oneline
59f1bf5 (HEAD -> master) fix: update hello world message
37734cf feat: add hello world function
stanislaw@user-komputer1:~/team-project-basic$ ls
app.py
stanislaw@user-komputer1:~/team-project-basic$ nano app.py
stanislaw@user-komputer1:~/team-project-basic$ cat app.py
def hello_world():
    print("Hello Git")


hello_world()
stanislaw@user-komputer1:~/team-project-basic$

Zadanie 7

stanislaw@user-komputer1:~/team-project-basic$ git branch
* master
stanislaw@user-komputer1:~/team-project-basic$ git checkout master
Already on 'master'
stanislaw@user-komputer1:~/team-project-basic$ git branch -m master main
stanislaw@user-komputer1:~/team-project-basic$ git branch
* main
stanislaw@user-komputer1:~/team-project-basic$ git branch feature-branch
stanislaw@user-komputer1:~/team-project-basic$ git branch
  feature-branch
* main
stanislaw@user-komputer1:~/team-project-basic$ git checkout feature-branch
Switched to branch 'feature-branch'
stanislaw@user-komputer1:~/team-project-basic$ git branch
* feature-branch
  main
stanislaw@user-komputer1:~/team-project-basic$ echo "# Feature branch task" >> app.py
stanislaw@user-komputer1:~/team-project-basic$ git add app.py
stanislaw@user-komputer1:~/team-project-basic$ git commit -m "chore: add feature task header"
[feature-branch b2408aa] chore: add feature task header
 1 file changed, 1 insertion(+)
stanislaw@user-komputer1:~/team-project-basic$ echo "# First small change" >> app.py
stanislaw@user-komputer1:~/team-project-basic$ git add app.py
stanislaw@user-komputer1:~/team-project-basic$ git commit -m "chore: add first small change"
[feature-branch b5df87d] chore: add first small change
 1 file changed, 1 insertion(+)
stanislaw@user-komputer1:~/team-project-basic$ echo "# Second small change" >> app.py
stanislaw@user-komputer1:~/team-project-basic$ git add app.py
stanislaw@user-komputer1:~/team-project-basic$ git commit -m "chore: add second small change"
[feature-branch 6768cb6] chore: add second small change
 1 file changed, 1 insertion(+)
stanislaw@user-komputer1:~/team-project-basic$ git log --oneline
6768cb6 (HEAD -> feature-branch) chore: add second small change
b5df87d chore: add first small change
b2408aa chore: add feature task header
59f1bf5 (main) fix: update hello world message
37734cf feat: add hello world function
stanislaw@user-komputer1:~/team-project-basic$ git rebase -i HEAD~3
[detached HEAD fd64106] feat: add feature branch changes
 Date: Sat May 16 21:34:23 2026 +0200
 1 file changed, 3 insertions(+)
Successfully rebased and updated refs/heads/feature-branch.
stanislaw@user-komputer1:~/team-project-basic$ git log --oneline
fd64106 (HEAD -> feature-branch) feat: add feature branch changes
59f1bf5 (main) fix: update hello world message
37734cf feat: add hello world function
stanislaw@user-komputer1:~/team-project-basic$ git branch
* feature-branch
  main
stanislaw@user-komputer1:~/team-project-basic$ git push -u origin feature-branch
fatal: 'origin' does not appear to be a git repository
fatal: Could not read from remote repository.

Please make sure you have the correct access rights
and the repository exists.
stanislaw@user-komputer1:~/team-project-basic$ git remote -v
stanislaw@user-komputer1:~/team-project-basic$ git remote add origin git@github.com:Stazus/team-project-basic.git
stanislaw@user-komputer1:~/team-project-basic$ git remote -v
origin  git@github.com:Stazus/team-project-basic.git (fetch)
origin  git@github.com:Stazus/team-project-basic.git (push)
stanislaw@user-komputer1:~/team-project-basic$ git push -u origin main
Enumerating objects: 6, done.
Counting objects: 100% (6/6), done.
Delta compression using up to 8 threads
Compressing objects: 100% (4/4), done.
Writing objects: 100% (6/6), 551 bytes | 551.00 KiB/s, done.
Total 6 (delta 0), reused 0 (delta 0), pack-reused 0
To github.com:Stazus/team-project-basic.git
 * [new branch]      main -> main
branch 'main' set up to track 'origin/main'.
stanislaw@user-komputer1:~/team-project-basic$ git push -u origin feature-branch
Enumerating objects: 5, done.
Counting objects: 100% (5/5), done.
Delta compression using up to 8 threads
Compressing objects: 100% (2/2), done.
Writing objects: 100% (3/3), 360 bytes | 360.00 KiB/s, done.
Total 3 (delta 0), reused 0 (delta 0), pack-reused 0
remote:
remote: Create a pull request for 'feature-branch' on GitHub by visiting:
remote:      https://github.com/Stazus/team-project-basic/pull/new/feature-branch
remote:
To github.com:Stazus/team-project-basic.git
 * [new branch]      feature-branch -> feature-branch
branch 'feature-branch' set up to track 'origin/feature-branch'.
stanislaw@user-komputer1:~/team-project-basic$

Zadanie 8

stanislaw@user-komputer1:~/PythonPro-Course/homework/lesson10/task8$ cd ~
stanislaw@user-komputer1:~$ mkdir git-conflict-task
stanislaw@user-komputer1:~$ cd git-conflict-task
stanislaw@user-komputer1:~/git-conflict-task$ git init
hint: Using 'master' as the name for the initial branch. This default branch name
hint: is subject to change. To configure the initial branch name to use in all
hint: of your new repositories, which will suppress this warning, call:
hint:
hint:   git config --global init.defaultBranch <name>
hint:
hint: Names commonly chosen instead of 'master' are 'main', 'trunk' and
hint: 'development'. The just-created branch can be renamed via this command:
hint:
hint:   git branch -m <name>
Initialized empty Git repository in /home/stanislaw/git-conflict-task/.git/
stanislaw@user-komputer1:~/git-conflict-task$ git branch -m main
stanislaw@user-komputer1:~/git-conflict-task$ git branch
stanislaw@user-komputer1:~/git-conflict-task$ touch conflict_example.txt
stanislaw@user-komputer1:~/git-conflict-task$ ls
conflict_example.txt
stanislaw@user-komputer1:~/git-conflict-task$ nano conflict_example.txt
stanislaw@user-komputer1:~/git-conflict-task$ git add conflict_example.txt
stanislaw@user-komputer1:~/git-conflict-task$ git commit -m "feat: dodano pierwsza linie"
[main (root-commit) e609e2e] feat: dodano pierwsza linie
 1 file changed, 1 insertion(+)
 create mode 100644 conflict_example.txt
stanislaw@user-komputer1:~/git-conflict-task$ git checkout -b branch-A
Switched to a new branch 'branch-A'
stanislaw@user-komputer1:~/git-conflict-task$ git branch
* branch-A
  main
stanislaw@user-komputer1:~/git-conflict-task$ echo "Linia 2 - z branch-A" >> conflict_example.txt
stanislaw@user-komputer1:~/git-conflict-task$ git add conflict_example.txt
stanislaw@user-komputer1:~/git-conflict-task$ git commit -m "feat: dodano druga linie w branch-A"
[branch-A ca845af] feat: dodano druga linie w branch-A
 1 file changed, 1 insertion(+)
stanislaw@user-komputer1:~/git-conflict-task$ git checkout main
Switched to branch 'main'
stanislaw@user-komputer1:~/git-conflict-task$ git branch
  branch-A
* main
stanislaw@user-komputer1:~/git-conflict-task$ nano conflict_example.txt
stanislaw@user-komputer1:~/git-conflict-task$ nano conflict_example.txt
stanislaw@user-komputer1:~/git-conflict-task$ git add conflict_example.txt
stanislaw@user-komputer1:~/git-conflict-task$ git commit -m "fix: zmieniono pierwsza linie i dodano druga w main"
[main 7f111ff] fix: zmieniono pierwsza linie i dodano druga w main
 1 file changed, 2 insertions(+), 1 deletion(-)
stanislaw@user-komputer1:~/git-conflict-task$ git merge branch-A
Auto-merging conflict_example.txt
CONFLICT (content): Merge conflict in conflict_example.txt
Automatic merge failed; fix conflicts and then commit the result.
stanislaw@user-komputer1:~/git-conflict-task$ nano conflict_example.txt
stanislaw@user-komputer1:~/git-conflict-task$ git add conflict_example.txt
stanislaw@user-komputer1:~/git-conflict-task$ git commit
[main 424776c] Merge branch 'branch-A'
stanislaw@user-komputer1:~/git-conflict-task$ git branch
  branch-A
* main
stanislaw@user-komputer1:~/git-conflict-task$ git status
On branch main
nothing to commit, working tree clean
stanislaw@user-komputer1:~/git-conflict-task$ cat conflict_example.txt
Linia 1 - zmieniona w main
Linia 2 - z main
Linia 2 - z branch-A
stanislaw@user-komputer1:~/git-conflict-task$ git log --oneline --graph --all
*   424776c (HEAD -> main) Merge branch 'branch-A'
|\
| * ca845af (branch-A) feat: dodano druga linie w branch-A
* | 7f111ff fix: zmieniono pierwsza linie i dodano druga w main
|/
* e609e2e feat: dodano pierwsza linie
stanislaw@user-komputer1:~/git-conflict-task$ git branch
  branch-A
* main
stanislaw@user-komputer1:~/git-conflict-task$ git reflog
424776c (HEAD -> main) HEAD@{0}: commit (merge): Merge branch 'branch-A'
7f111ff HEAD@{1}: commit: fix: zmieniono pierwsza linie i dodano druga w main
e609e2e HEAD@{2}: checkout: moving from branch-A to main
ca845af (branch-A) HEAD@{3}: commit: feat: dodano druga linie w branch-A
e609e2e HEAD@{4}: checkout: moving from main to branch-A
e609e2e HEAD@{5}: commit (initial): feat: dodano pierwsza linie
stanislaw@user-komputer1:~/git-conflict-task$ git log --oneline --graph --all
*   424776c (HEAD -> main) Merge branch 'branch-A'
|\
| * ca845af (branch-A) feat: dodano druga linie w branch-A
* | 7f111ff fix: zmieniono pierwsza linie i dodano druga w main
|/
* e609e2e feat: dodano pierwsza linie
stanislaw@user-komputer1:~/git-conflict-task$

Zadanie 9

stanislaw@user-komputer1:~$ cd git-conflict-task
stanislaw@user-komputer1:~/git-conflict-task$ git log --oneline
424776c (HEAD -> main) Merge branch 'branch-A'
7f111ff fix: zmieniono pierwsza linie i dodano druga w main
ca845af (branch-A) feat: dodano druga linie w branch-A
e609e2e feat: dodano pierwsza linie
stanislaw@user-komputer1:~/git-conflict-task$ nano README.md
stanislaw@user-komputer1:~/git-conflict-task$ git add README.md
stanislaw@user-komputer1:~/git-conflict-task$ git commit -m "docs: add merge conflict description" -m "Dodano dokumentację projektu, aby wyjaśnić cel repozytorium oraz sposób ćwiczenia konfliktów merge."
[main f1c4234] docs: add merge conflict description
 1 file changed, 3 insertions(+)
 create mode 100644 README.md
stanislaw@user-komputer1:~/git-conflict-task$ git log
commit f1c42340ce372aa5433dc0e1d818aa29c454b618 (HEAD -> main)
Author: Stanisław Flak <stazus@interia.pl>
Date:   Sun May 17 17:43:27 2026 +0200

    docs: add merge conflict description

    Dodano dokumentację projektu, aby wyjaśnić cel repozytorium oraz sposób ćwiczenia konfliktów merge.

commit 424776c74ee7999174f03d68d21cf22ee2881f59
Merge: 7f111ff ca845af
Author: Stanisław Flak <stazus@interia.pl>
Date:   Sun May 17 14:19:53 2026 +0200

    Merge branch 'branch-A'

commit 7f111ff9b4b3c02a742418cdbac72975ae08b6e1
Author: Stanisław Flak <stazus@interia.pl>
Date:   Sun May 17 14:15:02 2026 +0200

    fix: zmieniono pierwsza linie i dodano druga w main

commit ca845af682aa6e3cacf8aa9a8b70368467e93ea7 (branch-A)
Author: Stanisław Flak <stazus@interia.pl>
Date:   Sun May 17 14:04:52 2026 +0200
stanislaw@user-komputer1:~/git-conflict-task$

Zadanie 10

stanislaw@user-komputer1:~$ git flow version
git: 'flow' is not a git command. See 'git --help'.

The most similar commands are
        reflog
        show
stanislaw@user-komputer1:~$ sudo apt install git-flow
[sudo] password for stanislaw:
Reading package lists... Done
Building dependency tree... Done
Reading state information... Done
The following NEW packages will be installed:
  git-flow
0 upgraded, 1 newly installed, 0 to remove and 68 not upgraded.
Need to get 38.6 kB of archives.
After this operation, 329 kB of additional disk space will be used.
Get:1 http://archive.ubuntu.com/ubuntu noble/universe amd64 git-flow all 1.12.3-3 [38.6 kB]
Fetched 38.6 kB in 0s (228 kB/s)
Selecting previously unselected package git-flow.
(Reading database ... 51196 files and directories currently installed.)
Preparing to unpack .../git-flow_1.12.3-3_all.deb ...
Unpacking git-flow (1.12.3-3) ...
Setting up git-flow (1.12.3-3) ...
stanislaw@user-komputer1:~$ mkdir git-flow-task
stanislaw@user-komputer1:~$ cd git-flow-task
stanislaw@user-komputer1:~/git-flow-task$ git init
hint: Using 'master' as the name for the initial branch. This default branch name
hint: is subject to change. To configure the initial branch name to use in all
hint: of your new repositories, which will suppress this warning, call:
hint:
hint:   git config --global init.defaultBranch <name>
hint:
hint: Names commonly chosen instead of 'master' are 'main', 'trunk' and
hint: 'development'. The just-created branch can be renamed via this command:
hint:
hint:   git branch -m <name>
Initialized empty Git repository in /home/stanislaw/git-flow-task/.git/
stanislaw@user-komputer1:~/git-flow-task$ git branch -m main
stanislaw@user-komputer1:~/git-flow-task$ echo "# Git Flow Task" > README.md
stanislaw@user-komputer1:~/git-flow-task$ git add README.md
stanislaw@user-komputer1:~/git-flow-task$ git commit -m "docs: add project readme"
[main (root-commit) 84f5f56] docs: add project readme
 1 file changed, 1 insertion(+)
 create mode 100644 README.md
stanislaw@user-komputer1:~/git-flow-task$ git flow init

Which branch should be used for bringing forth production releases?
   - main
Branch name for production releases: [main]
Branch name for "next release" development: [develop]

How to name your supporting branch prefixes?
Feature branches? [feature/]
Bugfix branches? [bugfix/]
Release branches? [release/]
Hotfix branches? [hotfix/]
Support branches? [support/]
Version tag prefix? []
Hooks and filters directory? [/home/stanislaw/git-flow-task/.git/hooks]
stanislaw@user-komputer1:~/git-flow-task$ git branch
* develop
  main
stanislaw@user-komputer1:~/git-flow-task$ git flow feature start moja-funkcja
Switched to a new branch 'feature/moja-funkcja'

Summary of actions:
- A new branch 'feature/moja-funkcja' was created, based on 'develop'
- You are now on branch 'feature/moja-funkcja'

Now, start committing on your feature. When done, use:

     git flow feature finish moja-funkcja

stanislaw@user-komputer1:~/git-flow-task$ git branch
  develop
* feature/moja-funkcja
  main
stanislaw@user-komputer1:~/git-flow-task$ echo "print('Hello Git Flow')" > app.py
stanislaw@user-komputer1:~/git-flow-task$ git add app.py
stanislaw@user-komputer1:~/git-flow-task$ git commit -m "feat: add initial app file"
[feature/moja-funkcja cfcab16] feat: add initial app file
 1 file changed, 1 insertion(+)
 create mode 100644 app.py
stanislaw@user-komputer1:~/git-flow-task$ echo "# Feature branch changes" >> app.py
stanislaw@user-komputer1:~/git-flow-task$ git add app.py
stanislaw@user-komputer1:~/git-flow-task$ git commit -m "feat: add feature comment"
[feature/moja-funkcja 39031b8] feat: add feature comment
 1 file changed, 1 insertion(+)
stanislaw@user-komputer1:~/git-flow-task$ echo "print('Feature completed')" >> app.py
stanislaw@user-komputer1:~/git-flow-task$ git add app.py
stanislaw@user-komputer1:~/git-flow-task$ git commit -m "feat: extend application output"
[feature/moja-funkcja 037d48a] feat: extend application output
 1 file changed, 1 insertion(+)
stanislaw@user-komputer1:~/git-flow-task$ git log --oneline
037d48a (HEAD -> feature/moja-funkcja) feat: extend application output
39031b8 feat: add feature comment
cfcab16 feat: add initial app file
84f5f56 (main, develop) docs: add project readme
stanislaw@user-komputer1:~/git-flow-task$ git flow feature finish moja-funkcja
Switched to branch 'develop'
Merge made by the 'ort' strategy.
 app.py | 3 +++
 1 file changed, 3 insertions(+)
 create mode 100644 app.py
Deleted branch feature/moja-funkcja (was 037d48a).

Summary of actions:
- The feature branch 'feature/moja-funkcja' was merged into 'develop'
- Feature branch 'feature/moja-funkcja' has been locally deleted
- You are now on branch 'develop'

stanislaw@user-komputer1:~/git-flow-task$ git branch
* develop
  main
stanislaw@user-komputer1:~/git-flow-task$ git log --oneline --graph --all
*   0309d90 (HEAD -> develop) Merge branch 'feature/moja-funkcja' into develop
|\
| * 037d48a feat: extend application output
| * 39031b8 feat: add feature comment
| * cfcab16 feat: add initial app file
|/
* 84f5f56 (main) docs: add project readme
stanislaw@user-komputer1:~/git-flow-task$ git flow release start 1.0.0
Switched to a new branch 'release/1.0.0'

Summary of actions:
- A new branch 'release/1.0.0' was created, based on 'develop'
- You are now on branch 'release/1.0.0'

Follow-up actions:
- Bump the version number now!
- Start committing last-minute fixes in preparing your release
- When done, run:

     git flow release finish '1.0.0'

stanislaw@user-komputer1:~/git-flow-task$ git branch
  develop
  main
* release/1.0.0
stanislaw@user-komputer1:~/git-flow-task$ echo "version = '1.0.0'" >> app.py
stanislaw@user-komputer1:~/git-flow-task$ git add app.py
stanislaw@user-komputer1:~/git-flow-task$ git commit -m "fix: add release version"
[release/1.0.0 f5ba819] fix: add release version
 1 file changed, 1 insertion(+)
stanislaw@user-komputer1:~/git-flow-task$ git log --oneline
f5ba819 (HEAD -> release/1.0.0) fix: add release version
0309d90 (develop) Merge branch 'feature/moja-funkcja' into develop
037d48a feat: extend application output
39031b8 feat: add feature comment
cfcab16 feat: add initial app file
84f5f56 (main) docs: add project readme
stanislaw@user-komputer1:~/git-flow-task$ git flow release finish 1.0.0
Switched to branch 'main'
Merge made by the 'ort' strategy.
 app.py | 4 ++++
 1 file changed, 4 insertions(+)
 create mode 100644 app.py
Already on 'main'
fatal: no tag message?
Fatal: Tagging failed. Please run finish again to retry.
stanislaw@user-komputer1:~/git-flow-task$ git branch
  develop
* main
  release/1.0.0
stanislaw@user-komputer1:~/git-flow-task$ git log --oneline --graph --all
*   d1dfcc6 (HEAD -> main) Merge branch 'release/1.0.0'
|\
| * f5ba819 (release/1.0.0) fix: add release version
| * 0309d90 (develop) Merge branch 'feature/moja-funkcja' into develop
|/|
| * 037d48a feat: extend application output
| * 39031b8 feat: add feature comment
| * cfcab16 feat: add initial app file
|/
* 84f5f56 docs: add project readme
stanislaw@user-komputer1:~/git-flow-task$ git flow release finish 1.0.0
Already on 'main'
fatal: no tag message?
Fatal: Tagging failed. Please run finish again to retry.
stanislaw@user-komputer1:~/git-flow-task$ git branch
  develop
* main
  release/1.0.0
stanislaw@user-komputer1:~/git-flow-task$ git log --oneline --graph --all
*   d1dfcc6 (HEAD -> main) Merge branch 'release/1.0.0'
|\
| * f5ba819 (release/1.0.0) fix: add release version
| * 0309d90 (develop) Merge branch 'feature/moja-funkcja' into develop
|/|
| * 037d48a feat: extend application output
| * 39031b8 feat: add feature comment
| * cfcab16 feat: add initial app file
|/
* 84f5f56 docs: add project readme
stanislaw@user-komputer1:~/git-flow-task$ git flow release finish -m "Release version 1.0.0" 1.0.0
Already on 'main'
Switched to branch 'develop'
Merge made by the 'ort' strategy.
 app.py | 1 +
 1 file changed, 1 insertion(+)
Deleted branch release/1.0.0 (was f5ba819).

Summary of actions:
- Release branch 'release/1.0.0' has been merged into 'main'
- The release was tagged '1.0.0'
- Release tag '1.0.0' has been back-merged into 'develop'
- Release branch 'release/1.0.0' has been locally deleted
- You are now on branch 'develop'

stanislaw@user-komputer1:~/git-flow-task$ git branch
* develop
  main
stanislaw@user-komputer1:~/git-flow-task$ git log --oneline --graph --all
*   0702322 (HEAD -> develop) Merge tag '1.0.0' into develop
|\
| *   d1dfcc6 (tag: 1.0.0, main) Merge branch 'release/1.0.0'
| |\
| | * f5ba819 fix: add release version
| |/
|/|
* |   0309d90 Merge branch 'feature/moja-funkcja' into develop
|\ \
| |/
|/|
| * 037d48a feat: extend application output
| * 39031b8 feat: add feature comment
| * cfcab16 feat: add initial app file
|/
* 84f5f56 docs: add project readme
stanislaw@user-komputer1:~/git-flow-task$

Zadanie 11

stanislaw@user-komputer1:~/PythonPro-Course/homework/lesson10$ cd ~
stanislaw@user-komputer1:~$ git clone git@github.com:Stazus/team-project-preparation.git
Cloning into 'team-project-preparation'...
warning: You appear to have cloned an empty repository.
stanislaw@user-komputer1:~$ cd team-project-preparation
stanislaw@user-komputer1:~/team-project-preparation$ mkdir src tests docs
stanislaw@user-komputer1:~/team-project-preparation$ touch src/.gitkeep tests/.gitkeep docs/.gitkeep
stanislaw@user-komputer1:~/team-project-preparation$ nano .gitignore
stanislaw@user-komputer1:~/team-project-preparation$ nano README.md
stanislaw@user-komputer1:~/team-project-preparation$ git add .
stanislaw@user-komputer1:~/team-project-preparation$ git commit -m "chore: prepare project structure"
[main (root-commit) 5a727eb] chore: prepare project structure
 5 files changed, 19 insertions(+)
 create mode 100644 .gitignore
 create mode 100644 README.md
 create mode 100644 docs/.gitkeep
 create mode 100644 src/.gitkeep
 create mode 100644 tests/.gitkeep
stanislaw@user-komputer1:~/team-project-preparation$ git push -u origin main
Enumerating objects: 6, done.
Counting objects: 100% (6/6), done.
Delta compression using up to 8 threads
Compressing objects: 100% (4/4), done.
Writing objects: 100% (6/6), 605 bytes | 201.00 KiB/s, done.
Total 6 (delta 0), reused 0 (delta 0), pack-reused 0
To github.com:Stazus/team-project-preparation.git
 * [new branch]      main -> main
branch 'main' set up to track 'origin/main'.
stanislaw@user-komputer1:~/team-project-preparation$ git checkout -b develop
Switched to a new branch 'develop'
stanislaw@user-komputer1:~/team-project-preparation$ git push -u origin develop
Total 0 (delta 0), reused 0 (delta 0), pack-reused 0
remote:
remote: Create a pull request for 'develop' on GitHub by visiting:
remote:      https://github.com/Stazus/team-project-preparation/pull/new/develop
remote:
To github.com:Stazus/team-project-preparation.git
 * [new branch]      develop -> develop
branch 'develop' set up to track 'origin/develop'.
stanislaw@user-komputer1:~/team-project-preparation$ git branch -a
* develop
  main
  remotes/origin/develop
  remotes/origin/main
stanislaw@user-komputer1:~/team-project-preparation$ git remote -v
origin  git@github.com:Stazus/team-project-preparation.git (fetch)
origin  git@github.com:Stazus/team-project-preparation.git (push)
stanislaw@user-komputer1:~/team-project-preparation$ git log --oneline --graph --all
* 5a727eb (HEAD -> develop, origin/main, origin/develop, main) chore: prepare project structure
stanislaw@user-komputer1:~/team-project-preparation$ git status
On branch develop
Your branch is up to date with 'origin/develop'.

nothing to commit, working tree clean
stanislaw@user-komputer1:~/team-project-preparation$

Zadanie 12



